// Jest Snapshot v1, https://goo.gl/fbAQLP

exports[`Header should match the snapshot 1`] = `
<header>
  <h1>
    Palette Picker
  </h1>
  <NavLink
    to="/"
  >
    Home
  </NavLink>
  <NavLink
    to="/projects"
  >
    Projects
  </NavLink>
</header>
`;
