// Jest Snapshot v1, https://goo.gl/fbAQLP

exports[`ProjectsContainer should match the snapshot 1`] = `
<section
  className="projects"
>
  <ProjectCard
    key="19"
    passPaletteNameAndColors={[MockFunction]}
    project={
      Object {
        "id": 19,
        "name": "Colors",
        "palettes": Array [
          Object {
            "color1": "#82d173",
            "color2": "#abfaa9",
            "color3": "#95a3b3",
            "color4": "#4c2c69",
            "color5": "#42253b",
            "created_at": "2019-12-09T00:11:51.362Z",
            "id": 29,
            "name": "Purples and greens",
            "project_id": 19,
            "updated_at": "2019-12-09T00:11:51.362Z",
          },
        ],
      }
    }
    toggleModal={[MockFunction]}
  />
</section>
`;
